// Vitest Snapshot v1, https://vitest.dev/guide/snapshot.html

exports[`parseParams 1`] = `
[
  "--base-url=foobar",
  "--silent",
  "--allowed-ips=123",
  "--allowed-ips=321",
]
`;
